// Code generated by "-type Jsons<int, encoding/json.Token> -type Jsons<int, encoding/json.Token>"; DO NOT EDIT.
package main

import (
	"encoding/json"
	"sync" // Used by sync.Map.
)

// Generate code that will fail if the constants change value.
func _() {
	// An "cannot convert Jsons literal (type Jsons) to type sync.Map" compiler error signifies that the base type have changed.
	// Re-run the go-syncmap command to generate them again.
	_ = (sync.Map)(Jsons{})
}

var _nil_Jsons_json_Token_value = func() (val json.Token) { return }()

// Load returns the value stored in the map for a key, or nil if no
// value is present.
// The ok result indicates whether value was found in the map.
func (m *Jsons) Load(key int) (json.Token, bool) {
	value, ok := (*sync.Map)(m).Load(key)
	if value == nil {
		return _nil_Jsons_json_Token_value, ok
	}
	return value.(json.Token), ok
}

// Store sets the value for a key.
func (m *Jsons) Store(key int, value json.Token) {
	(*sync.Map)(m).Store(key, value)
}

// LoadOrStore returns the existing value for the key if present.
// Otherwise, it stores and returns the given value.
// The loaded result is true if the value was loaded, false if stored.
func (m *Jsons) LoadOrStore(key int, value json.Token) (json.Token, bool) {
	actual, loaded := (*sync.Map)(m).LoadOrStore(key, value)
	if actual == nil {
		return _nil_Jsons_json_Token_value, loaded
	}
	return actual.(json.Token), loaded
}

// LoadAndDelete deletes the value for a key, returning the previous value if any.
// The loaded result reports whether the key was present.
func (m *Jsons) LoadAndDelete(key int) (value json.Token, loaded bool) {
	actual, loaded := (*sync.Map)(m).LoadAndDelete(key)
	if actual == nil {
		return _nil_Jsons_json_Token_value, loaded
	}
	return actual.(json.Token), loaded
}

// Delete deletes the value for a key.
func (m *Jsons) Delete(key int) {
	(*sync.Map)(m).Delete(key)
}

// Range calls f sequentially for each key and value present in the map.
// If f returns false, range stops the iteration.
//
// Range does not necessarily correspond to any consistent snapshot of the Map's
// contents: no key will be visited more than once, but if the value for any key
// is stored or deleted concurrently, Range may reflect any mapping for that key
// from any point during the Range call.
//
// Range may be O(N) with the number of elements in the map even if f returns
// false after a constant number of calls.
func (m *Jsons) Range(f func(key int, value json.Token) bool) {
	(*sync.Map)(m).Range(func(key, value interface{}) bool {
		return f(key.(int), value.(json.Token))
	})
}
